2026-09-08T19:08:50.043Z targeted concurrency=2 enumerated=39 fetched=39 unchanged=0 byhash=0 healed=0 failed=0 removed=0 degraded=0 duration=00:00:10 exit=0 run=20260908T190839Z-targeted-24216b
2026-09-08T19:10:46.148Z targeted concurrency=2 enumerated=388 fetched=388 unchanged=0 byhash=0 healed=0 failed=0 removed=0 degraded=0 duration=00:01:41 exit=0 run=20260908T190904Z-targeted-33e585
2026-09-08T19:12:17.383Z check    toc=unchanged weekly=changed sample=196/364 candidates=196 exit=3
2026-09-08T19:14:49.352Z check    toc=unchanged weekly=changed sample=0/200 candidates=0 exit=0
2026-09-09T13:03:53.441Z all      concurrency=2 enumerated=24682 fetched=37 unchanged=0 byhash=0 healed=0 failed=0 removed=0 degraded=0 duration=00:00:17 exit=0 run=20260908T195545Z-all-e12f2d
2026-09-09T20:28:37.302Z reconver converted=24682 missing=0 exit=0
2026-09-10T02:00:25.128Z reconver converted=24682 missing=0 exit=0
2026-09-10T03:25:00.041Z check    toc=unchanged weekly=unchanged sample=0/364 candidates=0 exit=0
2026-09-10T03:25:00.053Z refresh  check=current toc=unchanged weekly=unchanged sample=0/364 candidates=0 fetched=0 failed=0 index=skipped selftest=skipped duration=00:00:55 exit=0 commit=none push=skipped
2026-09-10T03:27:22.802Z check    toc=unchanged weekly=unchanged sample=0/266 candidates=0 exit=0
2026-09-10T03:27:39.538Z check    toc=unchanged weekly=unchanged sample=0/266 candidates=0 exit=0
2026-09-10T03:27:41.309Z refresh  check=current toc=unchanged weekly=unchanged sample=0/266 candidates=0 fetched=0 failed=0 index=current selftest=skipped duration=00:00:18 exit=0 commit=8f29bf84 push=ok
2026-09-10T03:27:57.208Z check    toc=unchanged weekly=unchanged sample=0/266 candidates=0 exit=0
2026-09-10T03:28:35.761Z targeted concurrency=2 enumerated=1 fetched=1 unchanged=0 byhash=0 healed=0 failed=0 removed=0 degraded=0 duration=00:00:00 exit=0 run=20260910T032835Z-targeted-f5b846
2026-09-10T03:28:43.916Z check    toc=unchanged weekly=unchanged sample=0/260 candidates=0 exit=0
2026-09-10T03:37:36.833Z check    toc=unchanged weekly=unchanged sample=0/261 candidates=1 exit=3
2026-09-10T03:37:48.021Z check    toc=unchanged weekly=unchanged sample=0/261 candidates=1 exit=3
2026-09-10T03:37:48.961Z heal     concurrency=2 enumerated=1 fetched=0 unchanged=0 byhash=0 healed=1 failed=0 removed=0 degraded=0 duration=00:00:00 exit=0 run=20260910T033748Z-heal-a659ea
2026-09-10T03:37:49.912Z targeted concurrency=2 enumerated=1 fetched=0 unchanged=1 byhash=0 healed=0 failed=0 removed=0 degraded=0 duration=00:00:00 exit=0 run=20260910T033749Z-targeted-68eeb9
2026-09-10T03:38:19.546Z refresh  check=drift toc=unchanged weekly=unchanged sample=0/261 candidates=1 fetched=0 healed=1 removed=0 failed=0 index=rebuilt selftest=pass duration=00:00:42 exit=0 commit=cbcdaab6 push=ok
2026-09-10T03:38:30.353Z check    toc=unchanged weekly=unchanged sample=0/261 candidates=0 exit=0
2026-09-10T03:38:43.893Z check    toc=unchanged weekly=unchanged sample=0/261 candidates=0 exit=0
2026-09-10T03:38:43.913Z refresh  check=current toc=unchanged weekly=unchanged sample=0/261 candidates=0 fetched=0 healed=0 removed=0 failed=0 index=current selftest=skipped duration=00:00:13 exit=0 commit=none push=skipped
2026-09-10T11:54:02.769Z tier2:rest-browser version=2026.1 outcome=not-found durationMs=4433
2026-09-10T12:14:24.492Z tier2:records-browser version=2024_1 outcome=not-found attempted=272 notFound=272 failed=0 durationMs=1221596
2026-09-10T17:07:08.756Z tier2:typings-pin commit=b84ad47 outcome=ok modules=65 failed=0 durationMs=975
